# /bin/uname -a (Thu 06/06/19 06:01:02 PM)
Linux aurora6 3.10.0-957.5.1.el7.x86_64 #1 SMP Fri Feb 1 14:54:57 UTC 2019 x86_64 x86_64 x86_64 GNU/Linux

# cat /home/sawamoto/vepci/test/out/nvme-randwrite-8-16-4096.fio (Thu 06/06/19 06:01:02 PM)
[global]
norandommap=1
thread=1
group_reporting=1
direct=1
verify=0
ioengine=psync
time_based=1
ramp_time=0
runtime=10
bs=4096
filename=/dev/nvme0n1

[test]
rw=randwrite
numjobs=8
iodepth=16


========

# /usr/bin/free -h (Thu 06/06/19 06:01:02 PM)
              total        used        free      shared  buff/cache   available
Mem:            93G        2.6G         79G         42M         10G         89G
Swap:          4.0G          0B        4.0G


========

# /home/sawamoto/fio_x86/fio /home/sawamoto/vepci/test/out/nvme-randwrite-8-16-4096.fio (Thu 06/06/19 06:01:02 PM)
test: (g=0): rw=randwrite, bs=(R) 4096B-4096B, (W) 4096B-4096B, (T) 4096B-4096B, ioengine=psync, iodepth=16
...
fio-2.19
Starting 8 threads

test: (groupid=0, jobs=8): err= 0: pid=247023: Thu Jun  6 18:01:12 2019
  write: IOPS=327k, BW=1277MiB/s (1339MB/s)(12.5GiB/10001msec)
    clat (usec): min=13, max=667, avg=23.49, stdev= 2.97
     lat (usec): min=13, max=667, avg=23.64, stdev= 2.99
    clat percentiles (usec):
     |  1.00th=[   15],  5.00th=[   18], 10.00th=[   20], 20.00th=[   23],
     | 30.00th=[   23], 40.00th=[   23], 50.00th=[   24], 60.00th=[   24],
     | 70.00th=[   24], 80.00th=[   25], 90.00th=[   26], 95.00th=[   27],
     | 99.00th=[   32], 99.50th=[   35], 99.90th=[   42], 99.95th=[   45],
     | 99.99th=[   80]
    lat (usec) : 20=8.34%, 50=91.64%, 100=0.03%, 250=0.01%, 500=0.01%
    lat (usec) : 750=0.01%
  cpu          : usr=10.23%, sys=41.83%, ctx=3273421, majf=0, minf=25
  IO depths    : 1=100.0%, 2=0.0%, 4=0.0%, 8=0.0%, 16=0.0%, 32=0.0%, >=64=0.0%
     submit    : 0=0.0%, 4=100.0%, 8=0.0%, 16=0.0%, 32=0.0%, 64=0.0%, >=64=0.0%
     complete  : 0=0.0%, 4=100.0%, 8=0.0%, 16=0.0%, 32=0.0%, 64=0.0%, >=64=0.0%
     issued rwt: total=0,3270212,0, short=0,0,0, dropped=0,0,0
     latency   : target=0, window=0, percentile=100.00%, depth=16

Run status group 0 (all jobs):
  WRITE: bw=1277MiB/s (1339MB/s), 1277MiB/s-1277MiB/s (1339MB/s-1339MB/s), io=12.5GiB (13.4GB), run=10001-10001msec

Disk stats (read/write):
  nvme0n1: ios=41/3237364, merge=0/0, ticks=20/42490, in_queue=49122, util=100.00%


========

# /usr/bin/free -h (Thu 06/06/19 06:01:12 PM)
              total        used        free      shared  buff/cache   available
Mem:            93G        2.6G         79G         42M         10G         89G
Swap:          4.0G          0B        4.0G

