# /bin/uname -a (Thu 06/06/19 06:01:17 PM)
Linux aurora6 3.10.0-957.5.1.el7.x86_64 #1 SMP Fri Feb 1 14:54:57 UTC 2019 x86_64 x86_64 x86_64 GNU/Linux

# cat /home/sawamoto/vepci/test/out/nvme-randwrite-8-16-33554432.fio (Thu 06/06/19 06:01:17 PM)
[global]
norandommap=1
thread=1
group_reporting=1
direct=1
verify=0
ioengine=psync
time_based=1
ramp_time=0
runtime=10
bs=33554432
filename=/dev/nvme0n1

[test]
rw=randwrite
numjobs=8
iodepth=16


========

# /usr/bin/free -h (Thu 06/06/19 06:01:17 PM)
              total        used        free      shared  buff/cache   available
Mem:            93G        2.6G         79G         42M         10G         89G
Swap:          4.0G          0B        4.0G


========

# /home/sawamoto/fio_x86/fio /home/sawamoto/vepci/test/out/nvme-randwrite-8-16-33554432.fio (Thu 06/06/19 06:01:17 PM)
test: (g=0): rw=randwrite, bs=(R) 32.0MiB-32.0MiB, (W) 32.0MiB-32.0MiB, (T) 32.0MiB-32.0MiB, ioengine=psync, iodepth=16
...
fio-2.19
Starting 8 threads

test: (groupid=0, jobs=8): err= 0: pid=247252: Thu Jun  6 18:01:28 2019
  write: IOPS=73, BW=2341MiB/s (2455MB/s)(23.4GiB/10074msec)
    clat (msec): min=47, max=169, avg=107.16, stdev=18.74
     lat (msec): min=49, max=171, avg=108.93, stdev=18.74
    clat percentiles (msec):
     |  1.00th=[   80],  5.00th=[   87], 10.00th=[   90], 20.00th=[   96],
     | 30.00th=[   97], 40.00th=[  100], 50.00th=[  106], 60.00th=[  108],
     | 70.00th=[  109], 80.00th=[  110], 90.00th=[  141], 95.00th=[  157],
     | 99.00th=[  165], 99.50th=[  167], 99.90th=[  169], 99.95th=[  169],
     | 99.99th=[  169]
    lat (msec) : 50=0.14%, 100=41.25%, 250=58.62%
  cpu          : usr=1.46%, sys=5.33%, ctx=1700, majf=0, minf=9
  IO depths    : 1=100.0%, 2=0.0%, 4=0.0%, 8=0.0%, 16=0.0%, 32=0.0%, >=64=0.0%
     submit    : 0=0.0%, 4=100.0%, 8=0.0%, 16=0.0%, 32=0.0%, 64=0.0%, >=64=0.0%
     complete  : 0=0.0%, 4=100.0%, 8=0.0%, 16=0.0%, 32=0.0%, 64=0.0%, >=64=0.0%
     issued rwt: total=0,737,0, short=0,0,0, dropped=0,0,0
     latency   : target=0, window=0, percentile=100.00%, depth=16

Run status group 0 (all jobs):
  WRITE: bw=2341MiB/s (2455MB/s), 2341MiB/s-2341MiB/s (2455MB/s-2455MB/s), io=23.4GiB (24.8GB), run=10074-10074msec

Disk stats (read/write):
  nvme0n1: ios=82/46654, merge=0/0, ticks=7/2858354, in_queue=2872673, util=97.25%


========

# /usr/bin/free -h (Thu 06/06/19 06:01:28 PM)
              total        used        free      shared  buff/cache   available
Mem:            93G        2.6G         79G         42M         10G         89G
Swap:          4.0G          0B        4.0G

