# /bin/uname -a (Thu 06/06/19 03:51:00 PM)
Linux aurora6 3.10.0-957.5.1.el7.x86_64 #1 SMP Fri Feb 1 14:54:57 UTC 2019 x86_64 x86_64 x86_64 GNU/Linux

# cat /home/sawamoto/vepci/test/out/unvme-randwrite-16-16.fio (Thu 06/06/19 03:51:00 PM)
[global]
norandommap=1
thread=1
group_reporting=1
direct=1
verify=0
ioengine=/home/sawamoto/vepci/ioengine/unvme_fio
time_based=1
ramp_time=30
runtime=60
bs=33554432
filename=b3.00.0

[test]
rw=randwrite
numjobs=16
iodepth=16


========

# /usr/bin/free -h (Thu 06/06/19 03:51:00 PM)
              total        used        free      shared  buff/cache   available
Mem:            93G        2.6G         82G         34M        7.6G         89G
Swap:          4.0G          0B        4.0G


========

# /home/sawamoto/fio_ve/fio /home/sawamoto/vepci/test/out/unvme-randwrite-16-16.fio (Thu 06/06/19 03:51:00 PM)
test: (g=0): rw=randwrite, bs=(R) 32.0MiB-32.0MiB, (W) 32.0MiB-32.0MiB, (T) 32.0MiB-32.0MiB, ioengine=unvme, iodepth=16
...
fio-2.19-dirty
Starting 16 threads
aurora_init: 0x7f2c00000000-0x7f3000000000
aurora_map: 0x70000000000-0x70004000000
unvme_open b3:00.0/1 q=32x256 ncpus=8

test: (groupid=0, jobs=16): err= 0: pid=83573: Thu Jun  6 15:52:39 2019
  write: IOPS=36, BW=1305MiB/s (1369MB/s)(83.5GiB/65487msec)
    slat (msec): min=3, max=1103, avg=82.26, stdev=56.30
    clat (msec): min=4, max=95072, avg=8219.43, stdev=18769.87
     lat (msec): min=73, max=95110, avg=8301.31, stdev=18768.41
    clat percentiles (msec):
     |  1.00th=[   75],  5.00th=[   96], 10.00th=[  109], 20.00th=[  807],
     | 30.00th=[ 1205], 40.00th=[ 1811], 50.00th=[ 2507], 60.00th=[ 3195],
     | 70.00th=[ 4359], 80.00th=[ 5866], 90.00th=[ 9372], 95.00th=[16712],
     | 99.00th=[16712], 99.50th=[16712], 99.90th=[16712], 99.95th=[16712],
     | 99.99th=[16712]
    lat (msec) : 10=0.04%, 20=0.54%, 50=0.21%, 100=7.35%, 250=3.67%
    lat (msec) : 500=4.00%, 750=4.83%, 1000=7.43%, 2000=19.07%, >=2000=62.77%
  cpu          : usr=10.41%, sys=0.00%, ctx=11014, majf=0, minf=0
  IO depths    : 1=0.7%, 2=1.3%, 4=2.6%, 8=5.3%, 16=129.4%, 32=0.0%, >=64=0.0%
     submit    : 0=0.0%, 4=100.0%, 8=0.0%, 16=0.0%, 32=0.0%, 64=0.0%, >=64=0.0%
     complete  : 0=0.0%, 4=99.8%, 8=0.0%, 16=0.2%, 32=0.0%, 64=0.0%, >=64=0.0%
     issued rwt: total=0,2423,0, short=0,0,0, dropped=0,0,0
     latency   : target=0, window=0, percentile=100.00%, depth=16

Run status group 0 (all jobs):
  WRITE: bw=1305MiB/s (1369MB/s), 1305MiB/s-1305MiB/s (1369MB/s-1369MB/s), io=83.5GiB (89.7GB), run=65487-65487msec

Disk stats (read/write):
    dm-2: ios=0/26, merge=0/0, ticks=0/183, in_queue=183, util=0.16%, aggrios=0/1609, aggrmerge=0/3, aggrticks=0/1225, aggrin_queue=1226, aggrutil=0.93%
  sdb: ios=0/1609, merge=0/3, ticks=0/1225, in_queue=1226, util=0.93%


========

# /usr/bin/free -h (Thu 06/06/19 03:52:39 PM)
              total        used        free      shared  buff/cache   available
Mem:            93G        2.6G         82G         34M        7.6G         89G
Swap:          4.0G          0B        4.0G

