# /bin/uname -a (Thu 06/06/19 05:56:56 PM)
Linux aurora6 3.10.0-957.5.1.el7.x86_64 #1 SMP Fri Feb 1 14:54:57 UTC 2019 x86_64 x86_64 x86_64 GNU/Linux

# cat /home/sawamoto/vepci/test/out/unvme-randwrite-8-16-4096.fio (Thu 06/06/19 05:56:56 PM)
[global]
norandommap=1
thread=1
group_reporting=1
direct=1
verify=0
ioengine=/home/sawamoto/vepci/ioengine/unvme_fio
time_based=1
ramp_time=0
runtime=10
bs=4096
filename=b3.00.0

[test]
rw=randwrite
numjobs=8
iodepth=16


========

# /usr/bin/free -h (Thu 06/06/19 05:56:56 PM)
              total        used        free      shared  buff/cache   available
Mem:            93G        2.6G         79G         42M         10G         89G
Swap:          4.0G          0B        4.0G


========

# /home/sawamoto/fio_ve/fio /home/sawamoto/vepci/test/out/unvme-randwrite-8-16-4096.fio (Thu 06/06/19 05:56:56 PM)
test: (g=0): rw=randwrite, bs=(R) 4096B-4096B, (W) 4096B-4096B, (T) 4096B-4096B, ioengine=unvme, iodepth=16
...
fio-2.19-dirty
Starting 8 threads
aurora_init: 0x7fd400000000-0x7fd800000000
aurora_map: 0x70000000000-0x70004000000
unvme_open b3:00.0/1 q=32x256 ncpus=8

test: (groupid=0, jobs=8): err= 0: pid=243880: Thu Jun  6 17:57:09 2019
  write: IOPS=2968, BW=11.7MiB/s (12.2MB/s)(116MiB/10012msec)
    slat (usec): min=171, max=102367, avg=555.07, stdev=3695.88
    clat (usec): min=177, max=10007k, avg=38966.42, stdev=607599.12
     lat (usec): min=382, max=10010k, avg=39521.48, stdev=608192.46
    clat percentiles (usec):
     |  1.00th=[  231],  5.00th=[  262], 10.00th=[  282], 20.00th=[  310],
     | 30.00th=[  330], 40.00th=[  350], 50.00th=[  366], 60.00th=[  386],
     | 70.00th=[  410], 80.00th=[  438], 90.00th=[  482], 95.00th=[  524],
     | 99.00th=[ 2480], 99.50th=[ 8384], 99.90th=[10027008], 99.95th=[10027008],
     | 99.99th=[10027008]
    lat (usec) : 250=3.02%, 500=89.49%, 750=6.26%, 1000=0.03%
    lat (msec) : 2=0.02%, 4=0.28%, 10=0.42%, 20=0.01%, 100=0.03%
    lat (msec) : 250=0.04%, >=2000=0.40%
  cpu          : usr=12.37%, sys=0.00%, ctx=211, majf=0, minf=0
  IO depths    : 1=0.1%, 2=0.1%, 4=0.1%, 8=0.2%, 16=99.6%, 32=0.0%, >=64=0.0%
     submit    : 0=0.0%, 4=100.0%, 8=0.0%, 16=0.0%, 32=0.0%, 64=0.0%, >=64=0.0%
     complete  : 0=0.0%, 4=100.0%, 8=0.0%, 16=0.1%, 32=0.0%, 64=0.0%, >=64=0.0%
     issued rwt: total=0,29718,0, short=0,0,0, dropped=0,0,0
     latency   : target=0, window=0, percentile=100.00%, depth=16

Run status group 0 (all jobs):
  WRITE: bw=11.7MiB/s (12.2MB/s), 11.7MiB/s-11.7MiB/s (12.2MB/s-12.2MB/s), io=116MiB (122MB), run=10012-10012msec

Disk stats (read/write):
    dm-2: ios=0/11, merge=0/0, ticks=0/109, in_queue=109, util=0.87%, aggrios=0/182, aggrmerge=0/3, aggrticks=0/152, aggrin_queue=152, aggrutil=1.32%
  sdb: ios=0/182, merge=0/3, ticks=0/152, in_queue=152, util=1.32%


========

# /usr/bin/free -h (Thu 06/06/19 05:57:09 PM)
              total        used        free      shared  buff/cache   available
Mem:            93G        2.6G         79G         42M         10G         89G
Swap:          4.0G          0B        4.0G

