# /bin/uname -a (Thu 06/06/19 05:57:34 PM)
Linux aurora6 3.10.0-957.5.1.el7.x86_64 #1 SMP Fri Feb 1 14:54:57 UTC 2019 x86_64 x86_64 x86_64 GNU/Linux

# cat /home/sawamoto/vepci/test/out/unvme-randread-8-16-4096.fio (Thu 06/06/19 05:57:34 PM)
[global]
norandommap=1
thread=1
group_reporting=1
direct=1
verify=0
ioengine=/home/sawamoto/vepci/ioengine/unvme_fio
time_based=1
ramp_time=0
runtime=10
bs=4096
filename=b3.00.0

[test]
rw=randread
numjobs=8
iodepth=16


========

# /usr/bin/free -h (Thu 06/06/19 05:57:34 PM)
              total        used        free      shared  buff/cache   available
Mem:            93G        2.6G         79G         42M         10G         89G
Swap:          4.0G          0B        4.0G


========

# /home/sawamoto/fio_ve/fio /home/sawamoto/vepci/test/out/unvme-randread-8-16-4096.fio (Thu 06/06/19 05:57:34 PM)
test: (g=0): rw=randread, bs=(R) 4096B-4096B, (W) 4096B-4096B, (T) 4096B-4096B, ioengine=unvme, iodepth=16
...
fio-2.19-dirty
Starting 8 threads
aurora_init: 0x7f4400000000-0x7f4800000000
aurora_map: 0x70000000000-0x70004000000
unvme_open b3:00.0/1 q=32x256 ncpus=8

test: (groupid=0, jobs=8): err= 0: pid=244376: Thu Jun  6 17:57:46 2019
   read: IOPS=3264, BW=12.8MiB/s (13.4MB/s)(128MiB/10010msec)
    slat (usec): min=162, max=101254, avg=507.39, stdev=3611.03
    clat (usec): min=162, max=10006k, avg=34380.71, stdev=565981.46
     lat (usec): min=347, max=10008k, avg=34888.10, stdev=566992.58
    clat percentiles (usec):
     |  1.00th=[  205],  5.00th=[  233], 10.00th=[  251], 20.00th=[  278],
     | 30.00th=[  298], 40.00th=[  318], 50.00th=[  334], 60.00th=[  354],
     | 70.00th=[  378], 80.00th=[  402], 90.00th=[  442], 95.00th=[  482],
     | 99.00th=[ 2096], 99.50th=[ 7520], 99.90th=[10027008], 99.95th=[10027008],
     | 99.99th=[10027008]
    lat (usec) : 250=9.37%, 500=87.02%, 750=2.54%, 1000=0.01%
    lat (msec) : 2=0.04%, 4=0.21%, 10=0.40%, 100=0.04%, 250=0.02%
    lat (msec) : >=2000=0.37%
  cpu          : usr=12.70%, sys=0.00%, ctx=206, majf=0, minf=0
  IO depths    : 1=0.1%, 2=0.1%, 4=0.1%, 8=0.2%, 16=99.6%, 32=0.0%, >=64=0.0%
     submit    : 0=0.0%, 4=100.0%, 8=0.0%, 16=0.0%, 32=0.0%, 64=0.0%, >=64=0.0%
     complete  : 0=0.0%, 4=100.0%, 8=0.0%, 16=0.1%, 32=0.0%, 64=0.0%, >=64=0.0%
     issued rwt: total=32673,0,0, short=0,0,0, dropped=0,0,0
     latency   : target=0, window=0, percentile=100.00%, depth=16

Run status group 0 (all jobs):
   READ: bw=12.8MiB/s (13.4MB/s), 12.8MiB/s-12.8MiB/s (13.4MB/s-13.4MB/s), io=128MiB (134MB), run=10010-10010msec

Disk stats (read/write):
    dm-2: ios=0/0, merge=0/0, ticks=0/0, in_queue=0, util=0.00%, aggrios=0/172, aggrmerge=0/0, aggrticks=0/42, aggrin_queue=42, aggrutil=0.39%
  sdb: ios=0/172, merge=0/0, ticks=0/42, in_queue=42, util=0.39%


========

# /usr/bin/free -h (Thu 06/06/19 05:57:46 PM)
              total        used        free      shared  buff/cache   available
Mem:            93G        2.6G         79G         42M         10G         89G
Swap:          4.0G          0B        4.0G

