# /bin/uname -a (Thu 06/06/19 04:48:57 PM)
Linux aurora6 3.10.0-957.5.1.el7.x86_64 #1 SMP Fri Feb 1 14:54:57 UTC 2019 x86_64 x86_64 x86_64 GNU/Linux

# cat /home/sawamoto/vepci/test/out/nvme-randwrite-16-16-33554432.fio (Thu 06/06/19 04:48:57 PM)
[global]
norandommap=1
thread=1
group_reporting=1
direct=1
verify=0
ioengine=psync
time_based=1
ramp_time=30
runtime=60
bs=33554432
filename=/dev/nvme0n1

[test]
rw=randwrite
numjobs=16
iodepth=16


========

# /usr/bin/free -h (Thu 06/06/19 04:48:57 PM)
              total        used        free      shared  buff/cache   available
Mem:            93G        2.7G         79G         34M         10G         89G
Swap:          4.0G          0B        4.0G


========

# /home/sawamoto/fio_x86/fio /home/sawamoto/vepci/test/out/nvme-randwrite-16-16-33554432.fio (Thu 06/06/19 04:48:57 PM)
test: (g=0): rw=randwrite, bs=(R) 32.0MiB-32.0MiB, (W) 32.0MiB-32.0MiB, (T) 32.0MiB-32.0MiB, ioengine=psync, iodepth=16
...
fio-2.19
Starting 16 threads

test: (groupid=0, jobs=16): err= 0: pid=122466: Thu Jun  6 16:50:29 2019
  write: IOPS=36, BW=1180MiB/s (1237MB/s)(69.5GiB/60291msec)
    clat (msec): min=23, max=1448, avg=430.75, stdev=197.52
     lat (msec): min=26, max=1450, avg=432.74, stdev=197.53
    clat percentiles (msec):
     |  1.00th=[  221],  5.00th=[  249], 10.00th=[  262], 20.00th=[  281],
     | 30.00th=[  297], 40.00th=[  314], 50.00th=[  343], 60.00th=[  424],
     | 70.00th=[  506], 80.00th=[  570], 90.00th=[  701], 95.00th=[  824],
     | 99.00th=[ 1090], 99.50th=[ 1172], 99.90th=[ 1336], 99.95th=[ 1401],
     | 99.99th=[ 1450]
    lat (msec) : 50=0.22%, 100=0.18%, 250=4.95%, 500=64.10%, 750=22.54%
    lat (msec) : 1000=6.12%, 2000=1.89%
  cpu          : usr=0.43%, sys=1.93%, ctx=5615, majf=0, minf=1
  IO depths    : 1=152.7%, 2=0.0%, 4=0.0%, 8=0.0%, 16=0.0%, 32=0.0%, >=64=0.0%
     submit    : 0=0.0%, 4=100.0%, 8=0.0%, 16=0.0%, 32=0.0%, 64=0.0%, >=64=0.0%
     complete  : 0=0.0%, 4=100.0%, 8=0.0%, 16=0.0%, 32=0.0%, 64=0.0%, >=64=0.0%
     issued rwt: total=0,2223,0, short=0,0,0, dropped=0,0,0
     latency   : target=0, window=0, percentile=100.00%, depth=16

Run status group 0 (all jobs):
  WRITE: bw=1180MiB/s (1237MB/s), 1180MiB/s-1180MiB/s (1237MB/s-1237MB/s), io=69.5GiB (74.6GB), run=60291-60291msec

Disk stats (read/write):
  nvme0n1: ios=85/216720, merge=0/0, ticks=40/58601644, in_queue=58609355, util=99.60%


========

# /usr/bin/free -h (Thu 06/06/19 04:50:29 PM)
              total        used        free      shared  buff/cache   available
Mem:            93G        2.7G         79G         34M         10G         89G
Swap:          4.0G          0B        4.0G

