# /bin/uname -a (Thu 06/06/19 04:50:34 PM)
Linux aurora6 3.10.0-957.5.1.el7.x86_64 #1 SMP Fri Feb 1 14:54:57 UTC 2019 x86_64 x86_64 x86_64 GNU/Linux

# cat /home/sawamoto/vepci/test/out/nvme-randread-16-16-4096.fio (Thu 06/06/19 04:50:34 PM)
[global]
norandommap=1
thread=1
group_reporting=1
direct=1
verify=0
ioengine=psync
time_based=1
ramp_time=30
runtime=60
bs=4096
filename=/dev/nvme0n1

[test]
rw=randread
numjobs=16
iodepth=16


========

# /usr/bin/free -h (Thu 06/06/19 04:50:34 PM)
              total        used        free      shared  buff/cache   available
Mem:            93G        2.7G         79G         34M         10G         89G
Swap:          4.0G          0B        4.0G


========

# /home/sawamoto/fio_x86/fio /home/sawamoto/vepci/test/out/nvme-randread-16-16-4096.fio (Thu 06/06/19 04:50:34 PM)
test: (g=0): rw=randread, bs=(R) 4096B-4096B, (W) 4096B-4096B, (T) 4096B-4096B, ioengine=psync, iodepth=16
...
fio-2.19
Starting 16 threads

test: (groupid=0, jobs=16): err= 0: pid=123593: Thu Jun  6 16:52:04 2019
   read: IOPS=182k, BW=709MiB/s (743MB/s)(41.6GiB/60001msec)
    clat (usec): min=54, max=702, avg=87.06, stdev=25.33
     lat (usec): min=54, max=703, avg=87.17, stdev=25.33
    clat percentiles (usec):
     |  1.00th=[   59],  5.00th=[   60], 10.00th=[   62], 20.00th=[   65],
     | 30.00th=[   69], 40.00th=[   79], 50.00th=[   83], 60.00th=[   87],
     | 70.00th=[   95], 80.00th=[  101], 90.00th=[  118], 95.00th=[  137],
     | 99.00th=[  177], 99.50th=[  195], 99.90th=[  235], 99.95th=[  251],
     | 99.99th=[  294]
    lat (usec) : 100=77.35%, 250=22.60%, 500=0.05%, 750=0.01%
  cpu          : usr=3.28%, sys=12.45%, ctx=10913066, majf=0, minf=1
  IO depths    : 1=144.9%, 2=0.0%, 4=0.0%, 8=0.0%, 16=0.0%, 32=0.0%, >=64=0.0%
     submit    : 0=0.0%, 4=100.0%, 8=0.0%, 16=0.0%, 32=0.0%, 64=0.0%, >=64=0.0%
     complete  : 0=0.0%, 4=100.0%, 8=0.0%, 16=0.0%, 32=0.0%, 64=0.0%, >=64=0.0%
     issued rwt: total=10891120,0,0, short=0,0,0, dropped=0,0,0
     latency   : target=0, window=0, percentile=100.00%, depth=16

Run status group 0 (all jobs):
   READ: bw=709MiB/s (743MB/s), 709MiB/s-709MiB/s (743MB/s-743MB/s), io=41.6GiB (44.7GB), run=60001-60001msec

Disk stats (read/write):
  nvme0n1: ios=15746332/0, merge=0/0, ticks=1241145/0, in_queue=1509336, util=100.00%


========

# /usr/bin/free -h (Thu 06/06/19 04:52:04 PM)
              total        used        free      shared  buff/cache   available
Mem:            93G        2.7G         79G         34M         10G         89G
Swap:          4.0G          0B        4.0G

